[2026-08-02T15:54:17.277Z] [ERROR] Database initialization failed: 
[2026-08-02T15:55:34.970Z] [INFO] GET /health
[2026-08-02T16:14:02.376Z] [INFO] POST /api/auth/register
[2026-08-02T16:14:36.625Z] [INFO] POST /api/auth/register
[2026-08-02T16:14:36.650Z] [ERROR] Unhandled error: 
[2026-08-02T16:16:16.278Z] [ERROR] Database initialization failed: 
[2026-08-02T16:17:22.034Z] [ERROR] Unhandled error: Expected property name or '}' in JSON at position 1 (line 1 column 2)
[2026-08-02T16:19:57.090Z] [WARN] MySQL unavailable, using in-memory fallback. AggregateError
[2026-08-02T16:23:28.074Z] [INFO] POST /api/auth/register
[2026-08-02T16:23:28.094Z] [ERROR] Unhandled error: 
[2026-08-02T16:23:40.893Z] [INFO] POST /api/auth/register
[2026-08-02T16:23:40.914Z] [ERROR] Unhandled error: 
[2026-08-02T16:23:55.599Z] [INFO] POST /api/auth/register
[2026-08-02T16:23:55.607Z] [ERROR] Unhandled error: 
[2026-08-02T16:28:23.301Z] [ERROR] Unhandled error: Expected property name or '}' in JSON at position 1 (line 1 column 2)
[2026-08-02T16:28:57.479Z] [INFO] POST /api/auth/register
[2026-08-02T16:28:57.484Z] [ERROR] Unhandled error: 
[2026-08-02T16:29:37.321Z] [INFO] POST /api/auth/register
[2026-08-02T16:29:37.350Z] [ERROR] Unhandled error: 
[2026-08-02T16:29:55.515Z] [INFO] POST /api/auth/register
[2026-08-02T16:29:55.526Z] [ERROR] Unhandled error: 
[2026-08-02T16:30:07.225Z] [INFO] User registered: test@example.com
[2026-08-02T16:30:44.901Z] [INFO] POST /api/auth/register
[2026-08-02T16:30:45.177Z] [WARN] MySQL unavailable, using in-memory fallback. AggregateError
[2026-08-02T16:30:45.298Z] [INFO] User registered: test2@example.com
[2026-08-02T16:31:47.465Z] [INFO] POST /api/auth/register
[2026-08-02T16:31:47.480Z] [ERROR] Unhandled error: 
[2026-08-02T16:31:48.479Z] [INFO] POST /api/auth/register
[2026-08-02T16:31:48.512Z] [ERROR] Unhandled error: 
[2026-08-02T16:31:49.485Z] [INFO] POST /api/auth/register
[2026-08-02T16:31:49.506Z] [ERROR] Unhandled error: 
[2026-08-02T16:32:56.245Z] [INFO] POST /api/auth/register
[2026-08-02T16:32:56.271Z] [ERROR] Unhandled error: 
[2026-08-02T16:33:31.279Z] [INFO] POST /api/auth/login
[2026-08-02T16:33:31.348Z] [ERROR] Unhandled error: 
[2026-08-02T16:35:41.007Z] [INFO] POST /api/auth/login
[2026-08-02T16:35:41.014Z] [ERROR] Unhandled error: 
[2026-08-02T16:39:47.203Z] [INFO] POST /api/auth/register
[2026-08-02T16:39:48.553Z] [INFO] POST /api/auth/register
[2026-08-02T16:40:09.560Z] [INFO] POST /api/auth/register
[2026-08-02T16:40:10.682Z] [INFO] POST /api/auth/register
[2026-08-02T16:40:11.097Z] [INFO] POST /api/auth/register
[2026-08-02T16:40:12.760Z] [INFO] POST /api/auth/register
[2026-08-02T16:40:13.203Z] [INFO] POST /api/auth/register
[2026-08-02T16:46:21.022Z] [INFO] User registered: logincheck@example.com
[2026-08-02T16:46:21.315Z] [INFO] User logged in: logincheck@example.com
[2026-08-02T16:48:05.494Z] [INFO] POST /api/auth/register
[2026-08-02T16:48:07.285Z] [INFO] POST /api/auth/register
[2026-08-02T16:48:08.168Z] [INFO] POST /api/auth/register
[2026-08-02T16:48:08.615Z] [INFO] POST /api/auth/register
[2026-08-02T16:48:28.682Z] [INFO] POST /api/auth/login
[2026-08-02T16:48:28.726Z] [ERROR] Unhandled error: 
[2026-08-02T16:50:14.957Z] [WARN] MySQL unavailable, using in-memory fallback. AggregateError
[2026-08-02T16:51:38.527Z] [INFO] POST /api/auth/login
[2026-08-02T16:51:38.532Z] [ERROR] Unhandled error: 
[2026-08-02T16:54:57.310Z] [WARN] MySQL unavailable, using in-memory fallback. AggregateError
[2026-08-02T16:56:29.733Z] [INFO] POST /api/auth/login
[2026-08-02T16:56:29.756Z] [ERROR] Unhandled error: 
[2026-08-02T16:57:35.006Z] [INFO] POST /api/auth/login
[2026-08-02T16:57:35.015Z] [ERROR] Unhandled error: 
[2026-08-02T17:01:53.160Z] [INFO] User registered: persist@example.com
[2026-08-02T17:01:53.345Z] [INFO] User logged in: persist@example.com
[2026-08-02T17:20:28.146Z] [INFO] POST /api/auth/register
[2026-08-02T17:20:28.178Z] [ERROR] Unhandled error: 
[2026-08-02T17:20:30.673Z] [INFO] POST /api/auth/register
[2026-08-02T17:20:30.686Z] [ERROR] Unhandled error: 
[2026-08-02T17:20:31.527Z] [INFO] POST /api/auth/register
[2026-08-02T17:20:31.563Z] [ERROR] Unhandled error: 
[2026-08-02T17:25:59.202Z] [INFO] POST /api/auth/register
[2026-08-02T17:26:01.325Z] [INFO] POST /api/auth/register
[2026-08-02T17:26:02.394Z] [INFO] POST /api/auth/register
[2026-08-02T17:26:07.477Z] [INFO] POST /api/auth/login
[2026-08-02T17:26:07.535Z] [ERROR] Unhandled error: 
[2026-08-02T17:27:30.683Z] [INFO] POST /api/auth/register
[2026-08-02T17:27:45.003Z] [INFO] POST /api/auth/register
[2026-08-03T10:35:01.070Z] [INFO] POST /api/auth/register
[2026-08-03T10:35:01.112Z] [ERROR] Unhandled error: 
[2026-08-03T10:38:07.087Z] [INFO] User logged in: persist@example.com
[2026-08-03T10:47:16.055Z] [INFO] POST /api/auth/register
[2026-08-03T10:47:18.275Z] [INFO] POST /api/auth/register
[2026-08-03T12:18:41.258Z] [INFO] POST /api/auth/register
[2026-08-03T12:18:41.270Z] [ERROR] Unhandled error: 
[2026-08-03T12:18:43.124Z] [INFO] POST /api/auth/register
[2026-08-03T12:18:43.136Z] [ERROR] Unhandled error: 
[2026-08-03T12:18:44.028Z] [INFO] POST /api/auth/register
[2026-08-03T12:18:44.041Z] [ERROR] Unhandled error: 
[2026-08-03T12:18:44.503Z] [INFO] POST /api/auth/register
[2026-08-03T12:18:44.538Z] [ERROR] Unhandled error: 
[2026-08-03T12:18:49.476Z] [INFO] POST /api/auth/register
[2026-08-03T12:18:49.488Z] [ERROR] Unhandled error: 
[2026-08-03T12:18:50.518Z] [INFO] POST /api/auth/register
[2026-08-03T12:18:50.540Z] [ERROR] Unhandled error: 
[2026-08-03T12:29:47.051Z] [INFO] POST /api/auth/register
[2026-08-03T12:30:16.331Z] [INFO] POST /api/auth/register
[2026-08-03T12:30:16.337Z] [ERROR] Unhandled error: 
[2026-08-03T13:01:47.788Z] [INFO] POST /api/auth/register
[2026-08-03T13:01:47.807Z] [ERROR] Unhandled error: 
[2026-08-03T13:02:45.257Z] [WARN] MySQL unavailable, using in-memory fallback. AggregateError
[2026-08-03T13:04:34.519Z] [INFO] GET /
[2026-08-03T13:04:34.760Z] [INFO] GET /favicon.ico
[2026-08-03T13:04:35.522Z] [INFO] GET /
[2026-08-03T13:08:00.750Z] [INFO] POST /api/auth/register
[2026-08-03T13:08:00.845Z] [ERROR] Unhandled error: 
[2026-08-03T16:57:30.442Z] [WARN] MySQL unavailable, using in-memory fallback. AggregateError
[2026-08-03T17:09:28.542Z] [INFO] Database initialized with MongoDB.
[2026-08-03T17:10:06.554Z] [INFO] Database initialized with MongoDB.
[2026-08-03T17:17:15.712Z] [INFO] Database initialized with MongoDB.
[2026-08-03T17:26:08.253Z] [INFO] POST /api/auth/register
[2026-08-03T17:26:16.451Z] [INFO] POST /api/auth/register
[2026-08-03T17:26:17.399Z] [INFO] POST /api/auth/register
[2026-08-03T20:32:10.037Z] [ERROR] Reminder scheduler error: getaddrinfo ENOTFOUND ac-goz1wmw-shard-00-00.kn1iyew.mongodb.net
[2026-08-03T20:33:10.023Z] [ERROR] Reminder scheduler error: getaddrinfo ENOTFOUND ac-goz1wmw-shard-00-00.kn1iyew.mongodb.net
[2026-08-03T20:34:10.024Z] [ERROR] Reminder scheduler error: getaddrinfo ENOTFOUND ac-goz1wmw-shard-00-00.kn1iyew.mongodb.net
[2026-08-03T20:35:10.019Z] [ERROR] Reminder scheduler error: getaddrinfo ENOTFOUND ac-goz1wmw-shard-00-00.kn1iyew.mongodb.net
[2026-08-03T20:36:10.024Z] [ERROR] Reminder scheduler error: getaddrinfo ENOTFOUND ac-goz1wmw-shard-00-00.kn1iyew.mongodb.net
[2026-08-03T20:37:10.011Z] [ERROR] Reminder scheduler error: getaddrinfo ENOTFOUND ac-goz1wmw-shard-00-00.kn1iyew.mongodb.net
[2026-08-03T20:38:10.021Z] [ERROR] Reminder scheduler error: getaddrinfo ENOTFOUND ac-goz1wmw-shard-00-00.kn1iyew.mongodb.net
[2026-08-03T20:39:10.047Z] [ERROR] Reminder scheduler error: getaddrinfo ENOTFOUND ac-goz1wmw-shard-00-00.kn1iyew.mongodb.net
[2026-08-03T20:40:10.037Z] [ERROR] Reminder scheduler error: getaddrinfo ENOTFOUND ac-goz1wmw-shard-00-00.kn1iyew.mongodb.net
[2026-08-03T20:41:10.036Z] [ERROR] Reminder scheduler error: getaddrinfo ENOTFOUND ac-goz1wmw-shard-00-00.kn1iyew.mongodb.net
[2026-08-03T20:42:10.020Z] [ERROR] Reminder scheduler error: getaddrinfo ENOTFOUND ac-goz1wmw-shard-00-00.kn1iyew.mongodb.net
[2026-08-03T20:43:10.016Z] [ERROR] Reminder scheduler error: getaddrinfo ENOTFOUND ac-goz1wmw-shard-00-00.kn1iyew.mongodb.net
[2026-08-03T20:44:10.020Z] [ERROR] Reminder scheduler error: getaddrinfo ENOTFOUND ac-goz1wmw-shard-00-00.kn1iyew.mongodb.net
[2026-08-03T20:45:10.047Z] [ERROR] Reminder scheduler error: getaddrinfo ENOTFOUND ac-goz1wmw-shard-00-00.kn1iyew.mongodb.net
[2026-08-03T20:46:10.012Z] [ERROR] Reminder scheduler error: getaddrinfo ENOTFOUND ac-goz1wmw-shard-00-00.kn1iyew.mongodb.net
[2026-08-03T20:47:10.015Z] [ERROR] Reminder scheduler error: getaddrinfo ENOTFOUND ac-goz1wmw-shard-00-00.kn1iyew.mongodb.net
[2026-08-03T20:48:10.031Z] [ERROR] Reminder scheduler error: getaddrinfo ENOTFOUND ac-goz1wmw-shard-00-00.kn1iyew.mongodb.net
[2026-08-03T20:49:10.023Z] [ERROR] Reminder scheduler error: getaddrinfo ENOTFOUND ac-goz1wmw-shard-00-00.kn1iyew.mongodb.net
[2026-08-03T20:50:10.052Z] [ERROR] Reminder scheduler error: getaddrinfo ENOTFOUND ac-goz1wmw-shard-00-00.kn1iyew.mongodb.net
[2026-08-03T20:51:10.051Z] [ERROR] Reminder scheduler error: getaddrinfo ENOTFOUND ac-goz1wmw-shard-00-00.kn1iyew.mongodb.net
[2026-08-03T20:52:10.026Z] [ERROR] Reminder scheduler error: getaddrinfo ENOTFOUND ac-goz1wmw-shard-00-00.kn1iyew.mongodb.net
[2026-08-03T20:53:10.088Z] [ERROR] Reminder scheduler error: getaddrinfo ENOTFOUND ac-goz1wmw-shard-00-00.kn1iyew.mongodb.net
[2026-08-03T20:54:10.011Z] [ERROR] Reminder scheduler error: getaddrinfo ENOTFOUND ac-goz1wmw-shard-00-00.kn1iyew.mongodb.net
[2026-08-03T20:55:10.010Z] [ERROR] Reminder scheduler error: getaddrinfo ENOTFOUND ac-goz1wmw-shard-00-00.kn1iyew.mongodb.net
[2026-08-03T20:56:10.023Z] [ERROR] Reminder scheduler error: getaddrinfo ENOTFOUND ac-goz1wmw-shard-00-00.kn1iyew.mongodb.net
[2026-08-03T20:57:10.019Z] [ERROR] Reminder scheduler error: getaddrinfo ENOTFOUND ac-goz1wmw-shard-00-00.kn1iyew.mongodb.net
[2026-08-03T20:58:10.037Z] [ERROR] Reminder scheduler error: getaddrinfo ENOTFOUND ac-goz1wmw-shard-00-00.kn1iyew.mongodb.net
[2026-08-03T20:59:10.023Z] [ERROR] Reminder scheduler error: getaddrinfo ENOTFOUND ac-goz1wmw-shard-00-00.kn1iyew.mongodb.net
[2026-08-03T21:00:10.025Z] [ERROR] Reminder scheduler error: getaddrinfo ENOTFOUND ac-goz1wmw-shard-00-00.kn1iyew.mongodb.net
[2026-08-03T21:01:10.033Z] [ERROR] Reminder scheduler error: getaddrinfo ENOTFOUND ac-goz1wmw-shard-00-00.kn1iyew.mongodb.net
[2026-08-03T21:02:10.030Z] [ERROR] Reminder scheduler error: getaddrinfo ENOTFOUND ac-goz1wmw-shard-00-00.kn1iyew.mongodb.net
[2026-08-03T21:03:10.021Z] [ERROR] Reminder scheduler error: getaddrinfo ENOTFOUND ac-goz1wmw-shard-00-00.kn1iyew.mongodb.net
[2026-08-03T21:04:10.023Z] [ERROR] Reminder scheduler error: getaddrinfo ENOTFOUND ac-goz1wmw-shard-00-00.kn1iyew.mongodb.net
[2026-08-03T21:05:10.041Z] [ERROR] Reminder scheduler error: getaddrinfo ENOTFOUND ac-goz1wmw-shard-00-00.kn1iyew.mongodb.net
[2026-08-03T21:06:10.036Z] [ERROR] Reminder scheduler error: getaddrinfo ENOTFOUND ac-goz1wmw-shard-00-00.kn1iyew.mongodb.net
[2026-08-03T21:07:10.053Z] [ERROR] Reminder scheduler error: getaddrinfo ENOTFOUND ac-goz1wmw-shard-00-00.kn1iyew.mongodb.net
[2026-08-03T21:08:10.041Z] [ERROR] Reminder scheduler error: getaddrinfo ENOTFOUND ac-goz1wmw-shard-00-00.kn1iyew.mongodb.net
[2026-08-03T21:09:10.012Z] [ERROR] Reminder scheduler error: getaddrinfo ENOTFOUND ac-goz1wmw-shard-00-00.kn1iyew.mongodb.net
[2026-08-03T21:10:10.019Z] [ERROR] Reminder scheduler error: getaddrinfo ENOTFOUND ac-goz1wmw-shard-00-00.kn1iyew.mongodb.net
[2026-08-03T21:11:10.040Z] [ERROR] Reminder scheduler error: getaddrinfo ENOTFOUND ac-goz1wmw-shard-00-00.kn1iyew.mongodb.net
[2026-08-03T21:12:10.007Z] [ERROR] Reminder scheduler error: getaddrinfo ENOTFOUND ac-goz1wmw-shard-00-00.kn1iyew.mongodb.net
[2026-08-03T21:13:10.029Z] [ERROR] Reminder scheduler error: getaddrinfo ENOTFOUND ac-goz1wmw-shard-00-00.kn1iyew.mongodb.net
[2026-08-03T21:14:10.058Z] [ERROR] Reminder scheduler error: getaddrinfo ENOTFOUND ac-goz1wmw-shard-00-00.kn1iyew.mongodb.net
[2026-08-03T21:15:10.052Z] [ERROR] Reminder scheduler error: getaddrinfo ENOTFOUND ac-goz1wmw-shard-00-00.kn1iyew.mongodb.net
[2026-08-03T21:16:10.017Z] [ERROR] Reminder scheduler error: getaddrinfo ENOTFOUND ac-goz1wmw-shard-00-00.kn1iyew.mongodb.net
[2026-08-03T21:17:10.024Z] [ERROR] Reminder scheduler error: getaddrinfo ENOTFOUND ac-goz1wmw-shard-00-00.kn1iyew.mongodb.net
[2026-08-03T21:18:10.041Z] [ERROR] Reminder scheduler error: getaddrinfo ENOTFOUND ac-goz1wmw-shard-00-00.kn1iyew.mongodb.net
[2026-08-03T21:19:10.031Z] [ERROR] Reminder scheduler error: getaddrinfo ENOTFOUND ac-goz1wmw-shard-00-00.kn1iyew.mongodb.net
[2026-08-03T21:20:10.028Z] [ERROR] Reminder scheduler error: getaddrinfo ENOTFOUND ac-goz1wmw-shard-00-00.kn1iyew.mongodb.net
[2026-08-03T21:21:10.015Z] [ERROR] Reminder scheduler error: getaddrinfo ENOTFOUND ac-goz1wmw-shard-00-00.kn1iyew.mongodb.net
[2026-08-03T21:22:10.020Z] [ERROR] Reminder scheduler error: getaddrinfo ENOTFOUND ac-goz1wmw-shard-00-00.kn1iyew.mongodb.net
[2026-08-03T21:23:10.030Z] [ERROR] Reminder scheduler error: getaddrinfo ENOTFOUND ac-goz1wmw-shard-00-00.kn1iyew.mongodb.net
[2026-08-03T21:24:10.030Z] [ERROR] Reminder scheduler error: getaddrinfo ENOTFOUND ac-goz1wmw-shard-00-00.kn1iyew.mongodb.net
[2026-08-03T21:25:10.013Z] [ERROR] Reminder scheduler error: getaddrinfo ENOTFOUND ac-goz1wmw-shard-00-00.kn1iyew.mongodb.net
[2026-08-03T21:26:10.043Z] [ERROR] Reminder scheduler error: getaddrinfo ENOTFOUND ac-goz1wmw-shard-00-00.kn1iyew.mongodb.net
[2026-08-03T21:27:10.042Z] [ERROR] Reminder scheduler error: getaddrinfo ENOTFOUND ac-goz1wmw-shard-00-00.kn1iyew.mongodb.net
[2026-08-03T21:28:10.030Z] [ERROR] Reminder scheduler error: getaddrinfo ENOTFOUND ac-goz1wmw-shard-00-00.kn1iyew.mongodb.net
[2026-08-03T21:29:10.030Z] [ERROR] Reminder scheduler error: getaddrinfo ENOTFOUND ac-goz1wmw-shard-00-00.kn1iyew.mongodb.net
[2026-08-03T21:30:10.020Z] [ERROR] Reminder scheduler error: getaddrinfo ENOTFOUND ac-goz1wmw-shard-00-00.kn1iyew.mongodb.net
[2026-08-03T21:31:10.032Z] [ERROR] Reminder scheduler error: getaddrinfo ENOTFOUND ac-goz1wmw-shard-00-00.kn1iyew.mongodb.net
[2026-08-03T21:32:10.026Z] [ERROR] Reminder scheduler error: getaddrinfo ENOTFOUND ac-goz1wmw-shard-00-00.kn1iyew.mongodb.net
[2026-08-03T21:33:10.011Z] [ERROR] Reminder scheduler error: getaddrinfo ENOTFOUND ac-goz1wmw-shard-00-00.kn1iyew.mongodb.net
[2026-08-03T21:34:10.010Z] [ERROR] Reminder scheduler error: getaddrinfo ENOTFOUND ac-goz1wmw-shard-00-00.kn1iyew.mongodb.net
[2026-08-03T21:35:10.020Z] [ERROR] Reminder scheduler error: getaddrinfo ENOTFOUND ac-goz1wmw-shard-00-00.kn1iyew.mongodb.net
[2026-08-03T21:36:10.032Z] [ERROR] Reminder scheduler error: getaddrinfo ENOTFOUND ac-goz1wmw-shard-00-00.kn1iyew.mongodb.net
[2026-08-03T21:37:10.020Z] [ERROR] Reminder scheduler error: getaddrinfo ENOTFOUND ac-goz1wmw-shard-00-00.kn1iyew.mongodb.net
[2026-08-03T21:38:10.020Z] [ERROR] Reminder scheduler error: getaddrinfo ENOTFOUND ac-goz1wmw-shard-00-00.kn1iyew.mongodb.net
[2026-08-03T21:39:10.018Z] [ERROR] Reminder scheduler error: getaddrinfo ENOTFOUND ac-goz1wmw-shard-00-00.kn1iyew.mongodb.net
[2026-08-03T21:40:10.032Z] [ERROR] Reminder scheduler error: getaddrinfo ENOTFOUND ac-goz1wmw-shard-00-00.kn1iyew.mongodb.net
[2026-08-03T21:41:10.010Z] [ERROR] Reminder scheduler error: getaddrinfo ENOTFOUND ac-goz1wmw-shard-00-00.kn1iyew.mongodb.net
[2026-08-03T21:42:10.011Z] [ERROR] Reminder scheduler error: getaddrinfo ENOTFOUND ac-goz1wmw-shard-00-00.kn1iyew.mongodb.net
[2026-08-03T21:43:10.036Z] [ERROR] Reminder scheduler error: getaddrinfo ENOTFOUND ac-goz1wmw-shard-00-00.kn1iyew.mongodb.net
[2026-08-03T21:44:10.020Z] [ERROR] Reminder scheduler error: getaddrinfo ENOTFOUND ac-goz1wmw-shard-00-00.kn1iyew.mongodb.net
[2026-08-03T21:45:10.021Z] [ERROR] Reminder scheduler error: getaddrinfo ENOTFOUND ac-goz1wmw-shard-00-00.kn1iyew.mongodb.net
[2026-08-03T21:46:10.031Z] [ERROR] Reminder scheduler error: getaddrinfo ENOTFOUND ac-goz1wmw-shard-00-00.kn1iyew.mongodb.net
[2026-08-03T21:47:10.023Z] [ERROR] Reminder scheduler error: getaddrinfo ENOTFOUND ac-goz1wmw-shard-00-00.kn1iyew.mongodb.net
[2026-08-03T21:48:10.012Z] [ERROR] Reminder scheduler error: getaddrinfo ENOTFOUND ac-goz1wmw-shard-00-00.kn1iyew.mongodb.net
[2026-08-03T21:49:10.084Z] [ERROR] Reminder scheduler error: getaddrinfo ENOTFOUND ac-goz1wmw-shard-00-00.kn1iyew.mongodb.net
[2026-08-03T21:50:10.017Z] [ERROR] Reminder scheduler error: getaddrinfo ENOTFOUND ac-goz1wmw-shard-00-00.kn1iyew.mongodb.net
[2026-08-03T21:51:10.011Z] [ERROR] Reminder scheduler error: getaddrinfo ENOTFOUND ac-goz1wmw-shard-00-00.kn1iyew.mongodb.net
[2026-08-03T21:52:10.023Z] [ERROR] Reminder scheduler error: getaddrinfo ENOTFOUND ac-goz1wmw-shard-00-00.kn1iyew.mongodb.net
[2026-08-03T21:53:10.024Z] [ERROR] Reminder scheduler error: getaddrinfo ENOTFOUND ac-goz1wmw-shard-00-00.kn1iyew.mongodb.net
[2026-08-03T21:54:10.011Z] [ERROR] Reminder scheduler error: getaddrinfo ENOTFOUND ac-goz1wmw-shard-00-00.kn1iyew.mongodb.net
[2026-08-03T21:55:10.013Z] [ERROR] Reminder scheduler error: getaddrinfo ENOTFOUND ac-goz1wmw-shard-00-00.kn1iyew.mongodb.net
[2026-08-03T21:56:10.006Z] [ERROR] Reminder scheduler error: getaddrinfo ENOTFOUND ac-goz1wmw-shard-00-00.kn1iyew.mongodb.net
[2026-08-03T21:57:10.015Z] [ERROR] Reminder scheduler error: getaddrinfo ENOTFOUND ac-goz1wmw-shard-00-00.kn1iyew.mongodb.net
[2026-08-03T21:58:10.022Z] [ERROR] Reminder scheduler error: getaddrinfo ENOTFOUND ac-goz1wmw-shard-00-00.kn1iyew.mongodb.net
[2026-08-03T21:59:10.024Z] [ERROR] Reminder scheduler error: getaddrinfo ENOTFOUND ac-goz1wmw-shard-00-00.kn1iyew.mongodb.net
[2026-08-03T22:00:10.060Z] [ERROR] Reminder scheduler error: getaddrinfo ENOTFOUND ac-goz1wmw-shard-00-00.kn1iyew.mongodb.net
[2026-08-03T22:01:10.041Z] [ERROR] Reminder scheduler error: getaddrinfo ENOTFOUND ac-goz1wmw-shard-00-00.kn1iyew.mongodb.net
[2026-08-03T22:02:10.014Z] [ERROR] Reminder scheduler error: getaddrinfo ENOTFOUND ac-goz1wmw-shard-00-00.kn1iyew.mongodb.net
[2026-08-03T22:03:10.032Z] [ERROR] Reminder scheduler error: getaddrinfo ENOTFOUND ac-goz1wmw-shard-00-00.kn1iyew.mongodb.net
[2026-08-03T22:04:10.023Z] [ERROR] Reminder scheduler error: getaddrinfo ENOTFOUND ac-goz1wmw-shard-00-00.kn1iyew.mongodb.net
[2026-08-03T22:05:10.045Z] [ERROR] Reminder scheduler error: getaddrinfo ENOTFOUND ac-goz1wmw-shard-00-00.kn1iyew.mongodb.net
[2026-08-03T22:06:10.046Z] [ERROR] Reminder scheduler error: getaddrinfo ENOTFOUND ac-goz1wmw-shard-00-00.kn1iyew.mongodb.net
[2026-08-03T22:07:10.015Z] [ERROR] Reminder scheduler error: getaddrinfo ENOTFOUND ac-goz1wmw-shard-00-00.kn1iyew.mongodb.net
[2026-08-03T22:08:10.013Z] [ERROR] Reminder scheduler error: getaddrinfo ENOTFOUND ac-goz1wmw-shard-00-00.kn1iyew.mongodb.net
[2026-08-03T22:09:10.044Z] [ERROR] Reminder scheduler error: getaddrinfo ENOTFOUND ac-goz1wmw-shard-00-00.kn1iyew.mongodb.net
[2026-08-03T22:10:10.059Z] [ERROR] Reminder scheduler error: getaddrinfo ENOTFOUND ac-goz1wmw-shard-00-00.kn1iyew.mongodb.net
[2026-08-03T22:11:10.044Z] [ERROR] Reminder scheduler error: getaddrinfo ENOTFOUND ac-goz1wmw-shard-00-00.kn1iyew.mongodb.net
[2026-08-03T22:12:10.033Z] [ERROR] Reminder scheduler error: getaddrinfo ENOTFOUND ac-goz1wmw-shard-00-00.kn1iyew.mongodb.net
[2026-08-03T22:13:10.022Z] [ERROR] Reminder scheduler error: getaddrinfo ENOTFOUND ac-goz1wmw-shard-00-00.kn1iyew.mongodb.net
[2026-08-03T22:14:10.032Z] [ERROR] Reminder scheduler error: getaddrinfo ENOTFOUND ac-goz1wmw-shard-00-00.kn1iyew.mongodb.net
[2026-08-03T22:15:10.034Z] [ERROR] Reminder scheduler error: getaddrinfo ENOTFOUND ac-goz1wmw-shard-00-00.kn1iyew.mongodb.net
[2026-08-03T22:16:10.025Z] [ERROR] Reminder scheduler error: getaddrinfo ENOTFOUND ac-goz1wmw-shard-00-00.kn1iyew.mongodb.net
[2026-08-03T22:17:10.018Z] [ERROR] Reminder scheduler error: getaddrinfo ENOTFOUND ac-goz1wmw-shard-00-00.kn1iyew.mongodb.net
[2026-08-03T22:18:10.009Z] [ERROR] Reminder scheduler error: getaddrinfo ENOTFOUND ac-goz1wmw-shard-00-00.kn1iyew.mongodb.net
[2026-08-03T22:19:10.030Z] [ERROR] Reminder scheduler error: getaddrinfo ENOTFOUND ac-goz1wmw-shard-00-00.kn1iyew.mongodb.net
[2026-08-03T22:20:10.013Z] [ERROR] Reminder scheduler error: getaddrinfo ENOTFOUND ac-goz1wmw-shard-00-00.kn1iyew.mongodb.net
[2026-08-03T22:21:10.062Z] [ERROR] Reminder scheduler error: getaddrinfo ENOTFOUND ac-goz1wmw-shard-00-00.kn1iyew.mongodb.net
[2026-08-03T22:22:10.022Z] [ERROR] Reminder scheduler error: getaddrinfo ENOTFOUND ac-goz1wmw-shard-00-00.kn1iyew.mongodb.net
[2026-08-03T22:23:10.026Z] [ERROR] Reminder scheduler error: getaddrinfo ENOTFOUND ac-goz1wmw-shard-00-00.kn1iyew.mongodb.net
[2026-08-03T22:24:10.062Z] [ERROR] Reminder scheduler error: getaddrinfo ENOTFOUND ac-goz1wmw-shard-00-00.kn1iyew.mongodb.net
[2026-08-03T22:25:10.022Z] [ERROR] Reminder scheduler error: getaddrinfo ENOTFOUND ac-goz1wmw-shard-00-00.kn1iyew.mongodb.net
[2026-08-03T22:26:10.012Z] [ERROR] Reminder scheduler error: getaddrinfo ENOTFOUND ac-goz1wmw-shard-00-00.kn1iyew.mongodb.net
[2026-08-03T22:27:10.012Z] [ERROR] Reminder scheduler error: getaddrinfo ENOTFOUND ac-goz1wmw-shard-00-00.kn1iyew.mongodb.net
[2026-08-03T22:28:10.020Z] [ERROR] Reminder scheduler error: getaddrinfo ENOTFOUND ac-goz1wmw-shard-00-00.kn1iyew.mongodb.net
[2026-08-03T22:29:10.049Z] [ERROR] Reminder scheduler error: getaddrinfo ENOTFOUND ac-goz1wmw-shard-00-00.kn1iyew.mongodb.net
[2026-08-03T22:30:10.043Z] [ERROR] Reminder scheduler error: getaddrinfo ENOTFOUND ac-goz1wmw-shard-00-00.kn1iyew.mongodb.net
[2026-08-03T22:31:10.020Z] [ERROR] Reminder scheduler error: getaddrinfo ENOTFOUND ac-goz1wmw-shard-00-00.kn1iyew.mongodb.net
[2026-08-03T22:32:10.020Z] [ERROR] Reminder scheduler error: getaddrinfo ENOTFOUND ac-goz1wmw-shard-00-00.kn1iyew.mongodb.net
[2026-08-03T22:33:10.014Z] [ERROR] Reminder scheduler error: getaddrinfo ENOTFOUND ac-goz1wmw-shard-00-00.kn1iyew.mongodb.net
[2026-08-03T22:34:10.036Z] [ERROR] Reminder scheduler error: getaddrinfo ENOTFOUND ac-goz1wmw-shard-00-00.kn1iyew.mongodb.net
[2026-08-03T22:35:10.022Z] [ERROR] Reminder scheduler error: getaddrinfo ENOTFOUND ac-goz1wmw-shard-00-00.kn1iyew.mongodb.net
[2026-08-03T22:36:10.025Z] [ERROR] Reminder scheduler error: getaddrinfo ENOTFOUND ac-goz1wmw-shard-00-00.kn1iyew.mongodb.net
[2026-08-03T22:37:10.035Z] [ERROR] Reminder scheduler error: getaddrinfo ENOTFOUND ac-goz1wmw-shard-00-00.kn1iyew.mongodb.net
[2026-08-03T22:38:10.025Z] [ERROR] Reminder scheduler error: getaddrinfo ENOTFOUND ac-goz1wmw-shard-00-00.kn1iyew.mongodb.net
[2026-08-03T22:39:10.019Z] [ERROR] Reminder scheduler error: getaddrinfo ENOTFOUND ac-goz1wmw-shard-00-00.kn1iyew.mongodb.net
[2026-08-03T22:40:10.009Z] [ERROR] Reminder scheduler error: getaddrinfo ENOTFOUND ac-goz1wmw-shard-00-00.kn1iyew.mongodb.net
[2026-08-03T22:41:10.024Z] [ERROR] Reminder scheduler error: getaddrinfo ENOTFOUND ac-goz1wmw-shard-00-00.kn1iyew.mongodb.net
[2026-08-03T22:42:10.028Z] [ERROR] Reminder scheduler error: getaddrinfo ENOTFOUND ac-goz1wmw-shard-00-00.kn1iyew.mongodb.net
[2026-08-03T22:43:10.024Z] [ERROR] Reminder scheduler error: getaddrinfo ENOTFOUND ac-goz1wmw-shard-00-00.kn1iyew.mongodb.net
[2026-08-03T22:44:10.025Z] [ERROR] Reminder scheduler error: getaddrinfo ENOTFOUND ac-goz1wmw-shard-00-00.kn1iyew.mongodb.net
[2026-08-03T22:45:10.023Z] [ERROR] Reminder scheduler error: getaddrinfo ENOTFOUND ac-goz1wmw-shard-00-00.kn1iyew.mongodb.net
[2026-08-03T22:46:10.024Z] [ERROR] Reminder scheduler error: getaddrinfo ENOTFOUND ac-goz1wmw-shard-00-00.kn1iyew.mongodb.net
[2026-08-03T22:47:10.025Z] [ERROR] Reminder scheduler error: getaddrinfo ENOTFOUND ac-goz1wmw-shard-00-00.kn1iyew.mongodb.net
[2026-08-03T22:48:10.028Z] [ERROR] Reminder scheduler error: getaddrinfo ENOTFOUND ac-goz1wmw-shard-00-00.kn1iyew.mongodb.net
[2026-08-03T22:49:10.031Z] [ERROR] Reminder scheduler error: getaddrinfo ENOTFOUND ac-goz1wmw-shard-00-00.kn1iyew.mongodb.net
[2026-08-03T22:50:10.044Z] [ERROR] Reminder scheduler error: getaddrinfo ENOTFOUND ac-goz1wmw-shard-00-00.kn1iyew.mongodb.net
[2026-08-03T22:51:10.013Z] [ERROR] Reminder scheduler error: getaddrinfo ENOTFOUND ac-goz1wmw-shard-00-00.kn1iyew.mongodb.net
[2026-08-03T22:52:10.025Z] [ERROR] Reminder scheduler error: getaddrinfo ENOTFOUND ac-goz1wmw-shard-00-00.kn1iyew.mongodb.net
[2026-08-03T22:53:10.031Z] [ERROR] Reminder scheduler error: getaddrinfo ENOTFOUND ac-goz1wmw-shard-00-00.kn1iyew.mongodb.net
[2026-08-03T22:54:10.013Z] [ERROR] Reminder scheduler error: getaddrinfo ENOTFOUND ac-goz1wmw-shard-00-00.kn1iyew.mongodb.net
[2026-08-03T22:55:10.042Z] [ERROR] Reminder scheduler error: getaddrinfo ENOTFOUND ac-goz1wmw-shard-00-00.kn1iyew.mongodb.net
[2026-08-03T22:56:10.014Z] [ERROR] Reminder scheduler error: getaddrinfo ENOTFOUND ac-goz1wmw-shard-00-00.kn1iyew.mongodb.net
[2026-08-03T22:57:10.023Z] [ERROR] Reminder scheduler error: getaddrinfo ENOTFOUND ac-goz1wmw-shard-00-00.kn1iyew.mongodb.net
[2026-08-03T22:58:10.016Z] [ERROR] Reminder scheduler error: getaddrinfo ENOTFOUND ac-goz1wmw-shard-00-00.kn1iyew.mongodb.net
[2026-08-03T22:59:10.012Z] [ERROR] Reminder scheduler error: getaddrinfo ENOTFOUND ac-goz1wmw-shard-00-00.kn1iyew.mongodb.net
[2026-08-03T23:00:10.022Z] [ERROR] Reminder scheduler error: getaddrinfo ENOTFOUND ac-goz1wmw-shard-00-00.kn1iyew.mongodb.net
[2026-08-03T23:01:10.016Z] [ERROR] Reminder scheduler error: getaddrinfo ENOTFOUND ac-goz1wmw-shard-00-00.kn1iyew.mongodb.net
[2026-08-03T23:02:10.024Z] [ERROR] Reminder scheduler error: getaddrinfo ENOTFOUND ac-goz1wmw-shard-00-00.kn1iyew.mongodb.net
[2026-08-03T23:03:10.020Z] [ERROR] Reminder scheduler error: getaddrinfo ENOTFOUND ac-goz1wmw-shard-00-00.kn1iyew.mongodb.net
[2026-08-03T23:04:10.055Z] [ERROR] Reminder scheduler error: getaddrinfo ENOTFOUND ac-goz1wmw-shard-00-00.kn1iyew.mongodb.net
[2026-08-03T23:05:10.052Z] [ERROR] Reminder scheduler error: getaddrinfo ENOTFOUND ac-goz1wmw-shard-00-00.kn1iyew.mongodb.net
[2026-08-03T23:06:10.012Z] [ERROR] Reminder scheduler error: getaddrinfo ENOTFOUND ac-goz1wmw-shard-00-00.kn1iyew.mongodb.net
[2026-08-03T23:07:10.022Z] [ERROR] Reminder scheduler error: getaddrinfo ENOTFOUND ac-goz1wmw-shard-00-00.kn1iyew.mongodb.net
[2026-08-03T23:08:10.012Z] [ERROR] Reminder scheduler error: getaddrinfo ENOTFOUND ac-goz1wmw-shard-00-00.kn1iyew.mongodb.net
[2026-08-03T23:09:10.023Z] [ERROR] Reminder scheduler error: getaddrinfo ENOTFOUND ac-goz1wmw-shard-00-00.kn1iyew.mongodb.net
[2026-08-03T23:10:10.017Z] [ERROR] Reminder scheduler error: getaddrinfo ENOTFOUND ac-goz1wmw-shard-00-00.kn1iyew.mongodb.net
[2026-08-03T23:11:10.021Z] [ERROR] Reminder scheduler error: getaddrinfo ENOTFOUND ac-goz1wmw-shard-00-00.kn1iyew.mongodb.net
[2026-08-03T23:12:10.011Z] [ERROR] Reminder scheduler error: getaddrinfo ENOTFOUND ac-goz1wmw-shard-00-00.kn1iyew.mongodb.net
[2026-08-03T23:13:10.011Z] [ERROR] Reminder scheduler error: getaddrinfo ENOTFOUND ac-goz1wmw-shard-00-00.kn1iyew.mongodb.net
[2026-08-03T23:14:10.022Z] [ERROR] Reminder scheduler error: getaddrinfo ENOTFOUND ac-goz1wmw-shard-00-00.kn1iyew.mongodb.net
[2026-08-03T23:15:10.033Z] [ERROR] Reminder scheduler error: getaddrinfo ENOTFOUND ac-goz1wmw-shard-00-00.kn1iyew.mongodb.net
[2026-08-03T23:16:10.026Z] [ERROR] Reminder scheduler error: getaddrinfo ENOTFOUND ac-goz1wmw-shard-00-00.kn1iyew.mongodb.net
[2026-08-03T23:17:10.022Z] [ERROR] Reminder scheduler error: getaddrinfo ENOTFOUND ac-goz1wmw-shard-00-00.kn1iyew.mongodb.net
[2026-08-03T23:18:10.019Z] [ERROR] Reminder scheduler error: getaddrinfo ENOTFOUND ac-goz1wmw-shard-00-00.kn1iyew.mongodb.net
[2026-08-03T23:19:10.011Z] [ERROR] Reminder scheduler error: getaddrinfo ENOTFOUND ac-goz1wmw-shard-00-00.kn1iyew.mongodb.net
[2026-08-03T23:20:10.023Z] [ERROR] Reminder scheduler error: getaddrinfo ENOTFOUND ac-goz1wmw-shard-00-00.kn1iyew.mongodb.net
[2026-08-03T23:21:10.012Z] [ERROR] Reminder scheduler error: getaddrinfo ENOTFOUND ac-goz1wmw-shard-00-00.kn1iyew.mongodb.net
[2026-08-03T23:22:10.022Z] [ERROR] Reminder scheduler error: getaddrinfo ENOTFOUND ac-goz1wmw-shard-00-00.kn1iyew.mongodb.net
[2026-08-03T23:23:10.012Z] [ERROR] Reminder scheduler error: getaddrinfo ENOTFOUND ac-goz1wmw-shard-00-00.kn1iyew.mongodb.net
[2026-08-03T23:24:10.011Z] [ERROR] Reminder scheduler error: getaddrinfo ENOTFOUND ac-goz1wmw-shard-00-00.kn1iyew.mongodb.net
[2026-08-03T23:25:10.022Z] [ERROR] Reminder scheduler error: getaddrinfo ENOTFOUND ac-goz1wmw-shard-00-00.kn1iyew.mongodb.net
[2026-08-03T23:26:10.021Z] [ERROR] Reminder scheduler error: getaddrinfo ENOTFOUND ac-goz1wmw-shard-00-00.kn1iyew.mongodb.net
[2026-08-03T23:27:10.022Z] [ERROR] Reminder scheduler error: getaddrinfo ENOTFOUND ac-goz1wmw-shard-00-00.kn1iyew.mongodb.net
[2026-08-03T23:28:10.052Z] [ERROR] Reminder scheduler error: getaddrinfo ENOTFOUND ac-goz1wmw-shard-00-00.kn1iyew.mongodb.net
[2026-08-03T23:29:10.012Z] [ERROR] Reminder scheduler error: getaddrinfo ENOTFOUND ac-goz1wmw-shard-00-00.kn1iyew.mongodb.net
[2026-08-03T23:30:10.022Z] [ERROR] Reminder scheduler error: getaddrinfo ENOTFOUND ac-goz1wmw-shard-00-00.kn1iyew.mongodb.net
[2026-08-03T23:31:10.024Z] [ERROR] Reminder scheduler error: getaddrinfo ENOTFOUND ac-goz1wmw-shard-00-00.kn1iyew.mongodb.net
[2026-08-03T23:32:10.042Z] [ERROR] Reminder scheduler error: getaddrinfo ENOTFOUND ac-goz1wmw-shard-00-00.kn1iyew.mongodb.net
[2026-08-03T23:33:10.028Z] [ERROR] Reminder scheduler error: getaddrinfo ENOTFOUND ac-goz1wmw-shard-00-00.kn1iyew.mongodb.net
[2026-08-03T23:34:10.035Z] [ERROR] Reminder scheduler error: getaddrinfo ENOTFOUND ac-goz1wmw-shard-00-00.kn1iyew.mongodb.net
[2026-08-03T23:35:10.020Z] [ERROR] Reminder scheduler error: getaddrinfo ENOTFOUND ac-goz1wmw-shard-00-00.kn1iyew.mongodb.net
[2026-08-03T23:36:10.022Z] [ERROR] Reminder scheduler error: getaddrinfo ENOTFOUND ac-goz1wmw-shard-00-00.kn1iyew.mongodb.net
[2026-08-03T23:37:10.013Z] [ERROR] Reminder scheduler error: getaddrinfo ENOTFOUND ac-goz1wmw-shard-00-00.kn1iyew.mongodb.net
[2026-08-03T23:38:10.011Z] [ERROR] Reminder scheduler error: getaddrinfo ENOTFOUND ac-goz1wmw-shard-00-00.kn1iyew.mongodb.net
[2026-08-03T23:39:10.022Z] [ERROR] Reminder scheduler error: getaddrinfo ENOTFOUND ac-goz1wmw-shard-00-00.kn1iyew.mongodb.net
[2026-08-03T23:40:10.012Z] [ERROR] Reminder scheduler error: getaddrinfo ENOTFOUND ac-goz1wmw-shard-00-00.kn1iyew.mongodb.net
[2026-08-03T23:41:10.035Z] [ERROR] Reminder scheduler error: getaddrinfo ENOTFOUND ac-goz1wmw-shard-00-00.kn1iyew.mongodb.net
[2026-08-03T23:42:10.048Z] [ERROR] Reminder scheduler error: getaddrinfo ENOTFOUND ac-goz1wmw-shard-00-00.kn1iyew.mongodb.net
[2026-08-03T23:43:10.036Z] [ERROR] Reminder scheduler error: getaddrinfo ENOTFOUND ac-goz1wmw-shard-00-00.kn1iyew.mongodb.net
[2026-08-03T23:44:10.014Z] [ERROR] Reminder scheduler error: getaddrinfo ENOTFOUND ac-goz1wmw-shard-00-00.kn1iyew.mongodb.net
[2026-08-03T23:45:10.013Z] [ERROR] Reminder scheduler error: getaddrinfo ENOTFOUND ac-goz1wmw-shard-00-00.kn1iyew.mongodb.net
[2026-08-03T23:46:10.012Z] [ERROR] Reminder scheduler error: getaddrinfo ENOTFOUND ac-goz1wmw-shard-00-00.kn1iyew.mongodb.net
[2026-08-03T23:47:10.021Z] [ERROR] Reminder scheduler error: getaddrinfo ENOTFOUND ac-goz1wmw-shard-00-00.kn1iyew.mongodb.net
[2026-08-03T23:48:10.023Z] [ERROR] Reminder scheduler error: getaddrinfo ENOTFOUND ac-goz1wmw-shard-00-00.kn1iyew.mongodb.net
[2026-08-03T23:49:10.012Z] [ERROR] Reminder scheduler error: getaddrinfo ENOTFOUND ac-goz1wmw-shard-00-00.kn1iyew.mongodb.net
[2026-08-03T23:50:10.013Z] [ERROR] Reminder scheduler error: getaddrinfo ENOTFOUND ac-goz1wmw-shard-00-00.kn1iyew.mongodb.net
[2026-08-03T23:51:10.027Z] [ERROR] Reminder scheduler error: getaddrinfo ENOTFOUND ac-goz1wmw-shard-00-00.kn1iyew.mongodb.net
[2026-08-03T23:52:10.007Z] [ERROR] Reminder scheduler error: getaddrinfo ENOTFOUND ac-goz1wmw-shard-00-00.kn1iyew.mongodb.net
[2026-08-03T23:53:10.020Z] [ERROR] Reminder scheduler error: getaddrinfo ENOTFOUND ac-goz1wmw-shard-00-00.kn1iyew.mongodb.net
[2026-08-03T23:54:10.024Z] [ERROR] Reminder scheduler error: getaddrinfo ENOTFOUND ac-goz1wmw-shard-00-00.kn1iyew.mongodb.net
[2026-08-03T23:55:10.026Z] [ERROR] Reminder scheduler error: getaddrinfo ENOTFOUND ac-goz1wmw-shard-00-00.kn1iyew.mongodb.net
[2026-08-03T23:56:10.020Z] [ERROR] Reminder scheduler error: getaddrinfo ENOTFOUND ac-goz1wmw-shard-00-00.kn1iyew.mongodb.net
[2026-08-03T23:57:10.024Z] [ERROR] Reminder scheduler error: getaddrinfo ENOTFOUND ac-goz1wmw-shard-00-00.kn1iyew.mongodb.net
[2026-08-03T23:58:10.019Z] [ERROR] Reminder scheduler error: getaddrinfo ENOTFOUND ac-goz1wmw-shard-00-00.kn1iyew.mongodb.net
[2026-08-03T23:59:10.025Z] [ERROR] Reminder scheduler error: getaddrinfo ENOTFOUND ac-goz1wmw-shard-00-00.kn1iyew.mongodb.net
[2026-08-04T00:00:10.020Z] [ERROR] Reminder scheduler error: getaddrinfo ENOTFOUND ac-goz1wmw-shard-00-00.kn1iyew.mongodb.net
[2026-08-04T00:01:10.008Z] [ERROR] Reminder scheduler error: getaddrinfo ENOTFOUND ac-goz1wmw-shard-00-00.kn1iyew.mongodb.net
[2026-08-04T00:02:10.014Z] [ERROR] Reminder scheduler error: getaddrinfo ENOTFOUND ac-goz1wmw-shard-00-00.kn1iyew.mongodb.net
[2026-08-04T00:03:10.012Z] [ERROR] Reminder scheduler error: getaddrinfo ENOTFOUND ac-goz1wmw-shard-00-00.kn1iyew.mongodb.net
[2026-08-04T00:04:10.016Z] [ERROR] Reminder scheduler error: getaddrinfo ENOTFOUND ac-goz1wmw-shard-00-00.kn1iyew.mongodb.net
[2026-08-04T00:05:10.017Z] [ERROR] Reminder scheduler error: getaddrinfo ENOTFOUND ac-goz1wmw-shard-00-00.kn1iyew.mongodb.net
[2026-08-04T00:06:10.009Z] [ERROR] Reminder scheduler error: getaddrinfo ENOTFOUND ac-goz1wmw-shard-00-00.kn1iyew.mongodb.net
[2026-08-04T03:07:13.787Z] [ERROR] Reminder scheduler error: getaddrinfo ENOTFOUND ac-goz1wmw-shard-00-00.kn1iyew.mongodb.net
[2026-08-04T14:50:10.012Z] [ERROR] Reminder scheduler error: getaddrinfo ENOTFOUND ac-goz1wmw-shard-00-00.kn1iyew.mongodb.net
[2026-08-04T14:51:10.022Z] [ERROR] Reminder scheduler error: getaddrinfo ENOTFOUND ac-goz1wmw-shard-00-00.kn1iyew.mongodb.net
[2026-08-04T14:52:10.012Z] [ERROR] Reminder scheduler error: getaddrinfo ENOTFOUND ac-goz1wmw-shard-00-00.kn1iyew.mongodb.net
[2026-08-04T14:54:11.043Z] [ERROR] Reminder scheduler error: getaddrinfo ENOTFOUND ac-goz1wmw-shard-00-00.kn1iyew.mongodb.net
[2026-08-04T14:55:10.023Z] [ERROR] Reminder scheduler error: getaddrinfo ENOTFOUND ac-goz1wmw-shard-00-00.kn1iyew.mongodb.net
[2026-08-04T14:56:10.023Z] [ERROR] Reminder scheduler error: getaddrinfo ENOTFOUND ac-goz1wmw-shard-00-00.kn1iyew.mongodb.net
[2026-08-04T14:57:10.009Z] [ERROR] Reminder scheduler error: getaddrinfo ENOTFOUND ac-goz1wmw-shard-00-00.kn1iyew.mongodb.net
[2026-08-04T14:58:10.031Z] [ERROR] Reminder scheduler error: getaddrinfo ENOTFOUND ac-goz1wmw-shard-00-00.kn1iyew.mongodb.net
[2026-08-04T14:59:10.007Z] [ERROR] Reminder scheduler error: getaddrinfo ENOTFOUND ac-goz1wmw-shard-00-00.kn1iyew.mongodb.net
[2026-08-04T15:00:10.016Z] [ERROR] Reminder scheduler error: getaddrinfo ENOTFOUND ac-goz1wmw-shard-00-00.kn1iyew.mongodb.net
[2026-08-04T15:01:10.021Z] [ERROR] Reminder scheduler error: getaddrinfo ENOTFOUND ac-goz1wmw-shard-00-00.kn1iyew.mongodb.net
[2026-08-04T15:02:10.026Z] [ERROR] Reminder scheduler error: getaddrinfo ENOTFOUND ac-goz1wmw-shard-00-00.kn1iyew.mongodb.net
[2026-08-04T15:03:10.029Z] [ERROR] Reminder scheduler error: getaddrinfo ENOTFOUND ac-goz1wmw-shard-00-00.kn1iyew.mongodb.net
[2026-08-04T15:04:10.022Z] [ERROR] Reminder scheduler error: getaddrinfo ENOTFOUND ac-goz1wmw-shard-00-00.kn1iyew.mongodb.net
[2026-08-04T15:05:10.044Z] [ERROR] Reminder scheduler error: getaddrinfo ENOTFOUND ac-goz1wmw-shard-00-00.kn1iyew.mongodb.net
[2026-08-04T15:06:10.024Z] [ERROR] Reminder scheduler error: getaddrinfo ENOTFOUND ac-goz1wmw-shard-00-00.kn1iyew.mongodb.net
[2026-08-04T15:07:10.024Z] [ERROR] Reminder scheduler error: getaddrinfo ENOTFOUND ac-goz1wmw-shard-00-00.kn1iyew.mongodb.net
[2026-08-04T15:08:10.042Z] [ERROR] Reminder scheduler error: getaddrinfo ENOTFOUND ac-goz1wmw-shard-00-00.kn1iyew.mongodb.net
[2026-08-04T15:09:10.017Z] [ERROR] Reminder scheduler error: getaddrinfo ENOTFOUND ac-goz1wmw-shard-00-00.kn1iyew.mongodb.net
[2026-08-04T15:10:10.031Z] [ERROR] Reminder scheduler error: getaddrinfo ENOTFOUND ac-goz1wmw-shard-00-00.kn1iyew.mongodb.net
[2026-08-04T15:11:10.059Z] [ERROR] Reminder scheduler error: getaddrinfo ENOTFOUND ac-goz1wmw-shard-00-00.kn1iyew.mongodb.net
[2026-08-04T15:12:10.014Z] [ERROR] Reminder scheduler error: getaddrinfo ENOTFOUND ac-goz1wmw-shard-00-00.kn1iyew.mongodb.net
[2026-08-04T15:13:10.023Z] [ERROR] Reminder scheduler error: getaddrinfo ENOTFOUND ac-goz1wmw-shard-00-00.kn1iyew.mongodb.net
[2026-08-04T15:14:10.021Z] [ERROR] Reminder scheduler error: getaddrinfo ENOTFOUND ac-goz1wmw-shard-00-00.kn1iyew.mongodb.net
[2026-08-04T15:15:10.037Z] [ERROR] Reminder scheduler error: getaddrinfo ENOTFOUND ac-goz1wmw-shard-00-00.kn1iyew.mongodb.net
[2026-08-04T15:16:10.015Z] [ERROR] Reminder scheduler error: getaddrinfo ENOTFOUND ac-goz1wmw-shard-00-00.kn1iyew.mongodb.net
[2026-08-04T15:17:10.013Z] [ERROR] Reminder scheduler error: getaddrinfo ENOTFOUND ac-goz1wmw-shard-00-00.kn1iyew.mongodb.net
[2026-08-04T15:18:10.021Z] [ERROR] Reminder scheduler error: getaddrinfo ENOTFOUND ac-goz1wmw-shard-00-00.kn1iyew.mongodb.net
[2026-08-04T15:19:10.009Z] [ERROR] Reminder scheduler error: getaddrinfo ENOTFOUND ac-goz1wmw-shard-00-00.kn1iyew.mongodb.net
[2026-08-04T15:20:10.018Z] [ERROR] Reminder scheduler error: getaddrinfo ENOTFOUND ac-goz1wmw-shard-00-00.kn1iyew.mongodb.net
[2026-08-04T15:21:10.024Z] [ERROR] Reminder scheduler error: getaddrinfo ENOTFOUND ac-goz1wmw-shard-00-00.kn1iyew.mongodb.net
[2026-08-04T15:22:10.014Z] [ERROR] Reminder scheduler error: getaddrinfo ENOTFOUND ac-goz1wmw-shard-00-00.kn1iyew.mongodb.net
[2026-08-04T15:23:10.019Z] [ERROR] Reminder scheduler error: getaddrinfo ENOTFOUND ac-goz1wmw-shard-00-00.kn1iyew.mongodb.net
[2026-08-04T15:49:10.547Z] [ERROR] Reminder scheduler error: getaddrinfo ENOTFOUND ac-goz1wmw-shard-00-00.kn1iyew.mongodb.net
[2026-08-04T15:50:10.018Z] [ERROR] Reminder scheduler error: getaddrinfo ENOTFOUND ac-goz1wmw-shard-00-00.kn1iyew.mongodb.net
[2026-08-04T15:51:10.018Z] [ERROR] Reminder scheduler error: getaddrinfo ENOTFOUND ac-goz1wmw-shard-00-00.kn1iyew.mongodb.net
[2026-08-04T15:52:10.025Z] [ERROR] Reminder scheduler error: getaddrinfo ENOTFOUND ac-goz1wmw-shard-00-00.kn1iyew.mongodb.net
[2026-08-04T15:53:10.022Z] [ERROR] Reminder scheduler error: getaddrinfo ENOTFOUND ac-goz1wmw-shard-00-00.kn1iyew.mongodb.net
[2026-08-04T15:54:10.028Z] [ERROR] Reminder scheduler error: getaddrinfo ENOTFOUND ac-goz1wmw-shard-00-00.kn1iyew.mongodb.net
[2026-08-04T15:55:10.021Z] [ERROR] Reminder scheduler error: getaddrinfo ENOTFOUND ac-goz1wmw-shard-00-00.kn1iyew.mongodb.net
[2026-08-04T15:56:10.018Z] [ERROR] Reminder scheduler error: getaddrinfo ENOTFOUND ac-goz1wmw-shard-00-00.kn1iyew.mongodb.net
[2026-08-04T15:57:10.017Z] [ERROR] Reminder scheduler error: getaddrinfo ENOTFOUND ac-goz1wmw-shard-00-00.kn1iyew.mongodb.net
[2026-08-04T15:58:10.018Z] [ERROR] Reminder scheduler error: getaddrinfo ENOTFOUND ac-goz1wmw-shard-00-00.kn1iyew.mongodb.net
[2026-08-04T15:59:10.012Z] [ERROR] Reminder scheduler error: getaddrinfo ENOTFOUND ac-goz1wmw-shard-00-00.kn1iyew.mongodb.net
[2026-08-04T16:00:10.022Z] [ERROR] Reminder scheduler error: getaddrinfo ENOTFOUND ac-goz1wmw-shard-00-00.kn1iyew.mongodb.net
[2026-08-04T16:01:10.026Z] [ERROR] Reminder scheduler error: getaddrinfo ENOTFOUND ac-goz1wmw-shard-00-00.kn1iyew.mongodb.net
[2026-08-04T16:02:10.020Z] [ERROR] Reminder scheduler error: getaddrinfo ENOTFOUND ac-goz1wmw-shard-00-00.kn1iyew.mongodb.net
[2026-08-04T16:03:10.022Z] [ERROR] Reminder scheduler error: getaddrinfo ENOTFOUND ac-goz1wmw-shard-00-00.kn1iyew.mongodb.net
[2026-08-04T16:04:10.015Z] [ERROR] Reminder scheduler error: getaddrinfo ENOTFOUND ac-goz1wmw-shard-00-00.kn1iyew.mongodb.net
[2026-08-04T16:05:10.023Z] [ERROR] Reminder scheduler error: getaddrinfo ENOTFOUND ac-goz1wmw-shard-00-00.kn1iyew.mongodb.net
[2026-08-04T16:17:10.687Z] [ERROR] Reminder scheduler error: getaddrinfo ENOTFOUND ac-goz1wmw-shard-00-00.kn1iyew.mongodb.net
[2026-08-04T16:18:10.028Z] [ERROR] Reminder scheduler error: getaddrinfo ENOTFOUND ac-goz1wmw-shard-00-00.kn1iyew.mongodb.net
[2026-08-04T16:19:10.028Z] [ERROR] Reminder scheduler error: getaddrinfo ENOTFOUND ac-goz1wmw-shard-00-00.kn1iyew.mongodb.net
[2026-08-04T16:20:10.024Z] [ERROR] Reminder scheduler error: getaddrinfo ENOTFOUND ac-goz1wmw-shard-00-00.kn1iyew.mongodb.net
[2026-08-04T16:21:10.017Z] [ERROR] Reminder scheduler error: getaddrinfo ENOTFOUND ac-goz1wmw-shard-00-00.kn1iyew.mongodb.net
[2026-08-04T16:22:10.021Z] [ERROR] Reminder scheduler error: getaddrinfo ENOTFOUND ac-goz1wmw-shard-00-00.kn1iyew.mongodb.net
[2026-08-04T16:23:10.039Z] [ERROR] Reminder scheduler error: getaddrinfo ENOTFOUND ac-goz1wmw-shard-00-00.kn1iyew.mongodb.net
[2026-08-04T16:24:10.017Z] [ERROR] Reminder scheduler error: getaddrinfo ENOTFOUND ac-goz1wmw-shard-00-00.kn1iyew.mongodb.net
[2026-08-04T17:07:27.333Z] [INFO] POST /api/auth/register
[2026-08-04T17:07:27.912Z] [INFO] User registered: vicky@gmail.com
[2026-08-04T17:08:07.948Z] [INFO] POST /api/auth/register
[2026-08-04T17:10:05.909Z] [INFO] POST /api/auth/register
[2026-08-04T17:10:06.277Z] [INFO] User registered: che@gmail.com
[2026-08-04T17:10:39.488Z] [INFO] POST /api/auth/login
[2026-08-04T17:12:42.515Z] [INFO] POST /api/auth/register
[2026-08-04T17:12:47.741Z] [INFO] POST /api/auth/register
[2026-08-04T17:16:11.802Z] [INFO] POST /api/auth/register
[2026-08-04T17:47:38.612Z] [INFO] POST /api/auth/register
[2026-08-04T17:51:45.548Z] [INFO] Database initialized with MongoDB.
